[2026-03-07T00:18:55+01:00] auto-sync start
Scanned 46 files in /data/.openclaw/workspace/agents/builder
Estimated tokens: 58,368 | Size: 233.28 KB
Top token-heavy files:
01. 23,272  reports/usage-history.json
02. 11,435  reports/usage-latest.json
03. 6,879  openclaw-usage.js
04. 2,000  reports/openclaw-status.txt
05. 1,690  skills/self-improving/SKILL.md
06. 1,333  skills/agentic-coding/SKILL.md
07. 1,288  token-audit.js
08. 954  reports/token-audit.json
09. 858  skills/self-improving/operations.md
10. 733  skills/self-improving/scaling.md

Wrote JSON report: /data/.openclaw/workspace/agents/builder/reports/token-audit.json
Wrote HTML report: /data/.openclaw/workspace/agents/builder/reports/token-audit.html
Captured OpenClaw usage snapshot.
Sessions: 29, estimated tokens: 632,834
[master 86a9e96] chore: auto-sync dashboard 2026-03-07T00:19:11+01:00
 12 files changed, 885 insertions(+), 220 deletions(-)
 create mode 100644 docs/reports/daily-rollups/2026-03-06.json
 create mode 100644 reports/daily-rollups/2026-03-06.json
error: src refspec main does not match any
error: failed to push some refs to 'https://github.com/stephenbuilderai/builder-usage-dashboard.git'
[2026-03-07T00:19:30+01:00] auto-sync start
Scanned 48 files in /data/.openclaw/workspace/agents/builder
Estimated tokens: 63,662 | Size: 253.98 KB
Top token-heavy files:
01. 27,365  reports/usage-history.json
02. 12,185  reports/usage-latest.json
03. 6,879  openclaw-usage.js
04. 2,024  reports/openclaw-status.txt
05. 1,690  skills/self-improving/SKILL.md
06. 1,333  skills/agentic-coding/SKILL.md
07. 1,288  token-audit.js
08. 989  reports/token-audit.json
09. 858  skills/self-improving/operations.md
10. 733  skills/self-improving/scaling.md

Wrote JSON report: /data/.openclaw/workspace/agents/builder/reports/token-audit.json
Wrote HTML report: /data/.openclaw/workspace/agents/builder/reports/token-audit.html
Captured OpenClaw usage snapshot.
Sessions: 29, estimated tokens: 632,834
[master 7cc7198] chore: auto-sync dashboard 2026-03-07T00:19:37+01:00
 10 files changed, 631 insertions(+), 68 deletions(-)
fatal: could not read Username for 'https://github.com': No such device or address
[2026-03-07T00:19:37+01:00] push failed (likely missing GitHub credentials)
[2026-03-07T00:48:55+01:00] auto-sync start
Scanned 48 files in /data/.openclaw/workspace/agents/builder
Estimated tokens: 67,757 | Size: 269.98 KB
Top token-heavy files:
01. 31,459  reports/usage-history.json
02. 12,186  reports/usage-latest.json
03. 6,879  openclaw-usage.js
04. 2,024  reports/openclaw-status.txt
05. 1,690  skills/self-improving/SKILL.md
06. 1,333  skills/agentic-coding/SKILL.md
07. 1,288  token-audit.js
08. 989  reports/token-audit.json
09. 858  skills/self-improving/operations.md
10. 733  skills/self-improving/scaling.md

Wrote JSON report: /data/.openclaw/workspace/agents/builder/reports/token-audit.json
Wrote HTML report: /data/.openclaw/workspace/agents/builder/reports/token-audit.html
Captured OpenClaw usage snapshot.
Sessions: 30, estimated tokens: 641,795
[master 151eeea] chore: auto-sync dashboard 2026-03-07T00:49:02+01:00
 12 files changed, 673 insertions(+), 110 deletions(-)
To https://github.com/stephenbuilderai/builder-usage-dashboard.git
   7cc7198..151eeea  master -> master
[2026-03-07T00:49:03+01:00] pushed
[2026-03-07T00:49:06+01:00] auto-sync start
Scanned 48 files in /data/.openclaw/workspace/agents/builder
Estimated tokens: 72,097 | Size: 286.94 KB
Top token-heavy files:
01. 35,552  reports/usage-history.json
02. 12,434  reports/usage-latest.json
03. 6,879  openclaw-usage.js
04. 2,023  reports/openclaw-status.txt
05. 1,690  skills/self-improving/SKILL.md
06. 1,333  skills/agentic-coding/SKILL.md
07. 1,288  token-audit.js
08. 989  reports/token-audit.json
09. 858  skills/self-improving/operations.md
10. 733  skills/self-improving/scaling.md

Wrote JSON report: /data/.openclaw/workspace/agents/builder/reports/token-audit.json
Wrote HTML report: /data/.openclaw/workspace/agents/builder/reports/token-audit.html
Captured OpenClaw usage snapshot.
Sessions: 30, estimated tokens: 641,795
[master 66cf591] chore: auto-sync dashboard 2026-03-07T00:49:13+01:00
 10 files changed, 599 insertions(+), 36 deletions(-)
To https://github.com/stephenbuilderai/builder-usage-dashboard.git
   151eeea..66cf591  master -> master
[2026-03-07T00:49:14+01:00] pushed
[2026-03-07T00:49:19+01:00] auto-sync start
Scanned 48 files in /data/.openclaw/workspace/agents/builder
Estimated tokens: 76,190 | Size: 302.94 KB
Top token-heavy files:
01. 39,645  reports/usage-history.json
02. 12,434  reports/usage-latest.json
03. 6,879  openclaw-usage.js
04. 2,023  reports/openclaw-status.txt
05. 1,690  skills/self-improving/SKILL.md
06. 1,333  skills/agentic-coding/SKILL.md
07. 1,288  token-audit.js
08. 989  reports/token-audit.json
09. 858  skills/self-improving/operations.md
10. 733  skills/self-improving/scaling.md

Wrote JSON report: /data/.openclaw/workspace/agents/builder/reports/token-audit.json
Wrote HTML report: /data/.openclaw/workspace/agents/builder/reports/token-audit.html
Captured OpenClaw usage snapshot.
Sessions: 30, estimated tokens: 641,795
[master 5da5dba] chore: auto-sync dashboard 2026-03-07T00:49:25+01:00
 10 files changed, 605 insertions(+), 42 deletions(-)
To https://github.com/stephenbuilderai/builder-usage-dashboard.git
   66cf591..5da5dba  master -> master
[2026-03-07T00:49:26+01:00] pushed
[2026-03-07T00:50:31+01:00] auto-sync start
Scanned 48 files in /data/.openclaw/workspace/agents/builder
Estimated tokens: 80,283 | Size: 318.93 KB
Top token-heavy files:
01. 43,738  reports/usage-history.json
02. 12,434  reports/usage-latest.json
03. 6,879  openclaw-usage.js
04. 2,023  reports/openclaw-status.txt
05. 1,690  skills/self-improving/SKILL.md
06. 1,333  skills/agentic-coding/SKILL.md
07. 1,288  token-audit.js
08. 989  reports/token-audit.json
09. 858  skills/self-improving/operations.md
10. 733  skills/self-improving/scaling.md

Wrote JSON report: /data/.openclaw/workspace/agents/builder/reports/token-audit.json
Wrote HTML report: /data/.openclaw/workspace/agents/builder/reports/token-audit.html
Captured OpenClaw usage snapshot.
Sessions: 30, estimated tokens: 656,876
[master dd9f193] chore: auto-sync dashboard 2026-03-07T00:50:37+01:00
 12 files changed, 667 insertions(+), 104 deletions(-)
To https://github.com/stephenbuilderai/builder-usage-dashboard.git
   5da5dba..dd9f193  master -> master
[2026-03-07T00:50:38+01:00] pushed
[2026-03-07T01:20:33+01:00] auto-sync start
Scanned 48 files in /data/.openclaw/workspace/agents/builder
Estimated tokens: 93,557 | Size: 370.82 KB
Top token-heavy files:
01. 56,021  reports/usage-history.json
02. 12,635  reports/usage-latest.json
03. 7,666  openclaw-usage.js
04. 2,024  reports/openclaw-status.txt
05. 1,690  skills/self-improving/SKILL.md
06. 1,333  skills/agentic-coding/SKILL.md
07. 1,288  token-audit.js
08. 989  reports/token-audit.json
09. 858  skills/self-improving/operations.md
10. 733  skills/self-improving/scaling.md

Wrote JSON report: /data/.openclaw/workspace/agents/builder/reports/token-audit.json
Wrote HTML report: /data/.openclaw/workspace/agents/builder/reports/token-audit.html
Captured OpenClaw usage snapshot.
Sessions: 30, estimated tokens: 726,826
[master 7c42236] chore: auto-sync dashboard 2026-03-07T01:20:44+01:00
 12 files changed, 750 insertions(+), 109 deletions(-)
 create mode 100644 docs/reports/daily-rollups/2026-03-07.json
 create mode 100644 reports/daily-rollups/2026-03-07.json
To https://github.com/stephenbuilderai/builder-usage-dashboard.git
   72b1f3f..7c42236  master -> master
[2026-03-07T01:20:45+01:00] pushed
[2026-03-07T01:20:47+01:00] auto-sync start
Scanned 50 files in /data/.openclaw/workspace/agents/builder
Estimated tokens: 98,227 | Size: 389.07 KB
Top token-heavy files:
01. 60,134  reports/usage-history.json
02. 12,800  reports/usage-latest.json
03. 7,666  openclaw-usage.js
04. 2,024  reports/openclaw-status.txt
05. 1,690  skills/self-improving/SKILL.md
06. 1,333  skills/agentic-coding/SKILL.md
07. 1,288  token-audit.js
08. 989  reports/token-audit.json
09. 858  skills/self-improving/operations.md
10. 733  skills/self-improving/scaling.md

Wrote JSON report: /data/.openclaw/workspace/agents/builder/reports/token-audit.json
Wrote HTML report: /data/.openclaw/workspace/agents/builder/reports/token-audit.html
Captured OpenClaw usage snapshot.
Sessions: 30, estimated tokens: 726,826
[master 6cd8120] chore: auto-sync dashboard 2026-03-07T01:20:53+01:00
 10 files changed, 608 insertions(+), 43 deletions(-)
To https://github.com/stephenbuilderai/builder-usage-dashboard.git
   7c42236..6cd8120  master -> master
[2026-03-07T01:20:54+01:00] pushed
[2026-03-07T01:50:34+01:00] auto-sync start
Scanned 50 files in /data/.openclaw/workspace/agents/builder
Estimated tokens: 102,340 | Size: 405.14 KB
Top token-heavy files:
01. 64,247  reports/usage-history.json
02. 12,800  reports/usage-latest.json
03. 7,666  openclaw-usage.js
04. 2,024  reports/openclaw-status.txt
05. 1,690  skills/self-improving/SKILL.md
06. 1,333  skills/agentic-coding/SKILL.md
07. 1,288  token-audit.js
08. 989  reports/token-audit.json
09. 858  skills/self-improving/operations.md
10. 733  skills/self-improving/scaling.md

Wrote JSON report: /data/.openclaw/workspace/agents/builder/reports/token-audit.json
Wrote HTML report: /data/.openclaw/workspace/agents/builder/reports/token-audit.html
Captured OpenClaw usage snapshot.
Sessions: 30, estimated tokens: 724,475
[master 8491255] chore: auto-sync dashboard 2026-03-07T01:50:42+01:00
 12 files changed, 672 insertions(+), 107 deletions(-)
To https://github.com/stephenbuilderai/builder-usage-dashboard.git
   6cd8120..8491255  master -> master
[2026-03-07T01:50:43+01:00] pushed
[2026-03-07T02:20:32+01:00] auto-sync start
Scanned 50 files in /data/.openclaw/workspace/agents/builder
Estimated tokens: 106,600 | Size: 421.79 KB
Top token-heavy files:
01. 68,360  reports/usage-history.json
02. 12,947  reports/usage-latest.json
03. 7,666  openclaw-usage.js
04. 2,024  reports/openclaw-status.txt
05. 1,690  skills/self-improving/SKILL.md
06. 1,333  skills/agentic-coding/SKILL.md
07. 1,288  token-audit.js
08. 989  reports/token-audit.json
09. 858  skills/self-improving/operations.md
10. 733  skills/self-improving/scaling.md

Wrote JSON report: /data/.openclaw/workspace/agents/builder/reports/token-audit.json
Wrote HTML report: /data/.openclaw/workspace/agents/builder/reports/token-audit.html
Captured OpenClaw usage snapshot.
Sessions: 30, estimated tokens: 724,334
[master 0c6fc14] chore: auto-sync dashboard 2026-03-07T02:20:40+01:00
 12 files changed, 659 insertions(+), 94 deletions(-)
To https://github.com/stephenbuilderai/builder-usage-dashboard.git
   8491255..0c6fc14  master -> master
[2026-03-07T02:20:40+01:00] pushed
++ date -Is
+ echo '[2026-03-07T02:20:46+01:00] auto-sync start'
[2026-03-07T02:20:46+01:00] auto-sync start
+ node token-audit.js --root . --top 25 --out reports/token-audit.json --html reports/token-audit.html
Scanned 50 files in /data/.openclaw/workspace/agents/builder
Estimated tokens: 110,859 | Size: 438.44 KB
Top token-heavy files:
01. 72,474  reports/usage-history.json
02. 13,092  reports/usage-latest.json
03. 7,666  openclaw-usage.js
04. 2,024  reports/openclaw-status.txt
05. 1,690  skills/self-improving/SKILL.md
06. 1,333  skills/agentic-coding/SKILL.md
07. 1,288  token-audit.js
08. 989  reports/token-audit.json
09. 858  skills/self-improving/operations.md
10. 733  skills/self-improving/scaling.md

Wrote JSON report: /data/.openclaw/workspace/agents/builder/reports/token-audit.json
Wrote HTML report: /data/.openclaw/workspace/agents/builder/reports/token-audit.html
+ node openclaw-usage.js capture
Captured OpenClaw usage snapshot.
Sessions: 30, estimated tokens: 724,334
+ git add docs/index.html docs/version.json docs/reports/daily-rollups/2026-03-05.json docs/reports/daily-rollups/2026-03-06.json docs/reports/daily-rollups/2026-03-07.json docs/reports/daily-rollups/summary-5d.md reports/usage-dashboard.html reports/usage-history.json reports/usage-latest.json reports/openclaw-status.txt reports/daily-rollups/2026-03-05.json reports/daily-rollups/2026-03-06.json reports/daily-rollups/2026-03-07.json reports/daily-rollups/summary-5d.md reports/token-audit.json reports/token-audit.html
+ git diff --cached --quiet
++ date -Is
+ git commit -m 'chore: auto-sync dashboard 2026-03-07T02:20:53+01:00'
[master 123949e] chore: auto-sync dashboard 2026-03-07T02:20:53+01:00
 10 files changed, 601 insertions(+), 36 deletions(-)
++ git rev-parse --abbrev-ref HEAD
+ CURRENT_BRANCH=master
+ git push origin master
To https://github.com/stephenbuilderai/builder-usage-dashboard.git
   0c6fc14..123949e  master -> master
++ date -Is
+ echo '[2026-03-07T02:20:54+01:00] pushed'
[2026-03-07T02:20:54+01:00] pushed
[2026-03-07T02:50:31+01:00] auto-sync start
Scanned 50 files in /data/.openclaw/workspace/agents/builder
Estimated tokens: 114,974 | Size: 454.51 KB
Top token-heavy files:
01. 76,588  reports/usage-history.json
02. 13,092  reports/usage-latest.json
03. 7,666  openclaw-usage.js
04. 2,024  reports/openclaw-status.txt
05. 1,690  skills/self-improving/SKILL.md
06. 1,333  skills/agentic-coding/SKILL.md
07. 1,288  token-audit.js
08. 990  reports/token-audit.json
09. 858  skills/self-improving/operations.md
10. 733  skills/self-improving/scaling.md

Wrote JSON report: /data/.openclaw/workspace/agents/builder/reports/token-audit.json
Wrote HTML report: /data/.openclaw/workspace/agents/builder/reports/token-audit.html
Captured OpenClaw usage snapshot.
Sessions: 30, estimated tokens: 724,901
[master b8bfe5d] chore: auto-sync dashboard 2026-03-07T02:50:38+01:00
 12 files changed, 656 insertions(+), 91 deletions(-)
To https://github.com/stephenbuilderai/builder-usage-dashboard.git
   123949e..b8bfe5d  master -> master
[2026-03-07T02:50:39+01:00] pushed
[2026-03-07T02:50:44+01:00] auto-sync start
Scanned 50 files in /data/.openclaw/workspace/agents/builder
Estimated tokens: 119,231 | Size: 471.15 KB
Top token-heavy files:
01. 80,701  reports/usage-history.json
02. 13,236  reports/usage-latest.json
03. 7,666  openclaw-usage.js
04. 2,024  reports/openclaw-status.txt
05. 1,690  skills/self-improving/SKILL.md
06. 1,333  skills/agentic-coding/SKILL.md
07. 1,288  token-audit.js
08. 990  reports/token-audit.json
09. 858  skills/self-improving/operations.md
10. 733  skills/self-improving/scaling.md

Wrote JSON report: /data/.openclaw/workspace/agents/builder/reports/token-audit.json
Wrote HTML report: /data/.openclaw/workspace/agents/builder/reports/token-audit.html
Captured OpenClaw usage snapshot.
Sessions: 30, estimated tokens: 724,901
[master a73eadf] chore: auto-sync dashboard 2026-03-07T02:50:51+01:00
 10 files changed, 601 insertions(+), 36 deletions(-)
To https://github.com/stephenbuilderai/builder-usage-dashboard.git
   b8bfe5d..a73eadf  master -> master
[2026-03-07T02:50:51+01:00] pushed
[2026-03-07T03:20:31+01:00] auto-sync start
Scanned 50 files in /data/.openclaw/workspace/agents/builder
Estimated tokens: 123,344 | Size: 487.23 KB
Top token-heavy files:
01. 84,814  reports/usage-history.json
02. 13,236  reports/usage-latest.json
03. 7,666  openclaw-usage.js
04. 2,024  reports/openclaw-status.txt
05. 1,690  skills/self-improving/SKILL.md
06. 1,333  skills/agentic-coding/SKILL.md
07. 1,288  token-audit.js
08. 990  reports/token-audit.json
09. 858  skills/self-improving/operations.md
10. 733  skills/self-improving/scaling.md

Wrote JSON report: /data/.openclaw/workspace/agents/builder/reports/token-audit.json
Wrote HTML report: /data/.openclaw/workspace/agents/builder/reports/token-audit.html
Captured OpenClaw usage snapshot.
Sessions: 30, estimated tokens: 724,546
[master 18f267d] chore: auto-sync dashboard 2026-03-07T03:20:39+01:00
 12 files changed, 647 insertions(+), 82 deletions(-)
To https://github.com/stephenbuilderai/builder-usage-dashboard.git
   a73eadf..18f267d  master -> master
[2026-03-07T03:20:39+01:00] pushed
[2026-03-07T03:20:44+01:00] auto-sync start
Scanned 50 files in /data/.openclaw/workspace/agents/builder
Estimated tokens: 127,602 | Size: 503.87 KB
Top token-heavy files:
01. 88,928  reports/usage-history.json
02. 13,380  reports/usage-latest.json
03. 7,666  openclaw-usage.js
04. 2,024  reports/openclaw-status.txt
05. 1,690  skills/self-improving/SKILL.md
06. 1,333  skills/agentic-coding/SKILL.md
07. 1,288  token-audit.js
08. 990  reports/token-audit.json
09. 858  skills/self-improving/operations.md
10. 733  skills/self-improving/scaling.md

Wrote JSON report: /data/.openclaw/workspace/agents/builder/reports/token-audit.json
Wrote HTML report: /data/.openclaw/workspace/agents/builder/reports/token-audit.html
Captured OpenClaw usage snapshot.
Sessions: 30, estimated tokens: 724,546
[master d05eff5] chore: auto-sync dashboard 2026-03-07T03:20:50+01:00
 10 files changed, 601 insertions(+), 36 deletions(-)
To https://github.com/stephenbuilderai/builder-usage-dashboard.git
   18f267d..d05eff5  master -> master
[2026-03-07T03:20:51+01:00] pushed
[2026-03-07T03:50:33+01:00] auto-sync start
Scanned 50 files in /data/.openclaw/workspace/agents/builder
Estimated tokens: 131,716 | Size: 519.95 KB
Top token-heavy files:
01. 93,041  reports/usage-history.json
02. 13,381  reports/usage-latest.json
03. 7,666  openclaw-usage.js
04. 2,024  reports/openclaw-status.txt
05. 1,690  skills/self-improving/SKILL.md
06. 1,333  skills/agentic-coding/SKILL.md
07. 1,288  token-audit.js
08. 990  reports/token-audit.json
09. 858  skills/self-improving/operations.md
10. 733  skills/self-improving/scaling.md

Wrote JSON report: /data/.openclaw/workspace/agents/builder/reports/token-audit.json
Wrote HTML report: /data/.openclaw/workspace/agents/builder/reports/token-audit.html
Captured OpenClaw usage snapshot.
Sessions: 30, estimated tokens: 724,509
[master d57b111] chore: auto-sync dashboard 2026-03-07T03:50:41+01:00
 12 files changed, 651 insertions(+), 86 deletions(-)
To https://github.com/stephenbuilderai/builder-usage-dashboard.git
   d05eff5..d57b111  master -> master
[2026-03-07T03:50:42+01:00] pushed
++ date -Is
+ echo '[2026-03-07T03:50:45+01:00] auto-sync start'
[2026-03-07T03:50:45+01:00] auto-sync start
+ node token-audit.js --root . --top 25 --out reports/token-audit.json --html reports/token-audit.html
Scanned 50 files in /data/.openclaw/workspace/agents/builder
Estimated tokens: 135,975 | Size: 536.60 KB
Top token-heavy files:
01. 97,155  reports/usage-history.json
02. 13,526  reports/usage-latest.json
03. 7,666  openclaw-usage.js
04. 2,024  reports/openclaw-status.txt
05. 1,690  skills/self-improving/SKILL.md
06. 1,333  skills/agentic-coding/SKILL.md
07. 1,288  token-audit.js
08. 990  reports/token-audit.json
09. 858  skills/self-improving/operations.md
10. 733  skills/self-improving/scaling.md

Wrote JSON report: /data/.openclaw/workspace/agents/builder/reports/token-audit.json
Wrote HTML report: /data/.openclaw/workspace/agents/builder/reports/token-audit.html
+ node openclaw-usage.js capture
Captured OpenClaw usage snapshot.
Sessions: 30, estimated tokens: 724,509
+ git add docs/index.html docs/version.json docs/reports/daily-rollups/2026-03-05.json docs/reports/daily-rollups/2026-03-06.json docs/reports/daily-rollups/2026-03-07.json docs/reports/daily-rollups/summary-5d.md reports/usage-dashboard.html reports/usage-history.json reports/usage-latest.json reports/openclaw-status.txt reports/daily-rollups/2026-03-05.json reports/daily-rollups/2026-03-06.json reports/daily-rollups/2026-03-07.json reports/daily-rollups/summary-5d.md reports/token-audit.json reports/token-audit.html
+ git diff --cached --quiet
++ date -Is
+ git commit -m 'chore: auto-sync dashboard 2026-03-07T03:50:53+01:00'
[master 4f6cbb5] chore: auto-sync dashboard 2026-03-07T03:50:53+01:00
 10 files changed, 601 insertions(+), 36 deletions(-)
++ git rev-parse --abbrev-ref HEAD
+ CURRENT_BRANCH=master
+ git push origin master
To https://github.com/stephenbuilderai/builder-usage-dashboard.git
   d57b111..4f6cbb5  master -> master
++ date -Is
+ echo '[2026-03-07T03:50:54+01:00] pushed'
[2026-03-07T03:50:54+01:00] pushed
[2026-03-07T04:20:31+01:00] auto-sync start
Scanned 50 files in /data/.openclaw/workspace/agents/builder
Estimated tokens: 140,088 | Size: 552.68 KB
Top token-heavy files:
01. 101,268  reports/usage-history.json
02. 13,526  reports/usage-latest.json
03. 7,666  openclaw-usage.js
04. 2,024  reports/openclaw-status.txt
05. 1,690  skills/self-improving/SKILL.md
06. 1,333  skills/agentic-coding/SKILL.md
07. 1,288  token-audit.js
08. 990  reports/token-audit.json
09. 858  skills/self-improving/operations.md
10. 733  skills/self-improving/scaling.md

Wrote JSON report: /data/.openclaw/workspace/agents/builder/reports/token-audit.json
Wrote HTML report: /data/.openclaw/workspace/agents/builder/reports/token-audit.html
Captured OpenClaw usage snapshot.
Sessions: 30, estimated tokens: 724,987
[master 30f6c6c] chore: auto-sync dashboard 2026-03-07T04:20:39+01:00
 12 files changed, 671 insertions(+), 106 deletions(-)
To https://github.com/stephenbuilderai/builder-usage-dashboard.git
   4f6cbb5..30f6c6c  master -> master
[2026-03-07T04:20:40+01:00] pushed
[2026-03-07T04:50:32+01:00] auto-sync start
Scanned 50 files in /data/.openclaw/workspace/agents/builder
Estimated tokens: 144,350 | Size: 569.33 KB
Top token-heavy files:
01. 105,382  reports/usage-history.json
02. 13,674  reports/usage-latest.json
03. 7,666  openclaw-usage.js
04. 2,024  reports/openclaw-status.txt
05. 1,690  skills/self-improving/SKILL.md
06. 1,333  skills/agentic-coding/SKILL.md
07. 1,288  token-audit.js
08. 990  reports/token-audit.json
09. 858  skills/self-improving/operations.md
10. 733  skills/self-improving/scaling.md

Wrote JSON report: /data/.openclaw/workspace/agents/builder/reports/token-audit.json
Wrote HTML report: /data/.openclaw/workspace/agents/builder/reports/token-audit.html
Captured OpenClaw usage snapshot.
Sessions: 30, estimated tokens: 725,325
[master ecec343] chore: auto-sync dashboard 2026-03-07T04:50:39+01:00
 12 files changed, 672 insertions(+), 107 deletions(-)
To https://github.com/stephenbuilderai/builder-usage-dashboard.git
   30f6c6c..ecec343  master -> master
[2026-03-07T04:50:40+01:00] pushed
++ date -Is
+ echo '[2026-03-07T04:50:45+01:00] auto-sync start'
[2026-03-07T04:50:45+01:00] auto-sync start
+ node token-audit.js --root . --top 25 --out reports/token-audit.json --html reports/token-audit.html
Scanned 50 files in /data/.openclaw/workspace/agents/builder
Estimated tokens: 148,609 | Size: 585.98 KB
Top token-heavy files:
01. 109,495  reports/usage-history.json
02. 13,822  reports/usage-latest.json
03. 7,666  openclaw-usage.js
04. 2,024  reports/openclaw-status.txt
05. 1,690  skills/self-improving/SKILL.md
06. 1,333  skills/agentic-coding/SKILL.md
07. 1,288  token-audit.js
08. 990  reports/token-audit.json
09. 858  skills/self-improving/operations.md
10. 733  skills/self-improving/scaling.md

Wrote JSON report: /data/.openclaw/workspace/agents/builder/reports/token-audit.json
Wrote HTML report: /data/.openclaw/workspace/agents/builder/reports/token-audit.html
+ node openclaw-usage.js capture
Captured OpenClaw usage snapshot.
Sessions: 30, estimated tokens: 725,325
+ git add docs/index.html docs/version.json docs/reports/daily-rollups/2026-03-05.json docs/reports/daily-rollups/2026-03-06.json docs/reports/daily-rollups/2026-03-07.json docs/reports/daily-rollups/summary-5d.md reports/usage-dashboard.html reports/usage-history.json reports/usage-latest.json reports/openclaw-status.txt reports/daily-rollups/2026-03-05.json reports/daily-rollups/2026-03-06.json reports/daily-rollups/2026-03-07.json reports/daily-rollups/summary-5d.md reports/token-audit.json reports/token-audit.html
+ git diff --cached --quiet
++ date -Is
+ git commit -m 'chore: auto-sync dashboard 2026-03-07T04:50:52+01:00'
[master 0322d42] chore: auto-sync dashboard 2026-03-07T04:50:52+01:00
 10 files changed, 602 insertions(+), 37 deletions(-)
++ git rev-parse --abbrev-ref HEAD
+ CURRENT_BRANCH=master
+ git push origin master
To https://github.com/stephenbuilderai/builder-usage-dashboard.git
   ecec343..0322d42  master -> master
++ date -Is
+ echo '[2026-03-07T04:50:53+01:00] pushed'
[2026-03-07T04:50:53+01:00] pushed
[2026-03-07T05:20:32+01:00] auto-sync start
Scanned 50 files in /data/.openclaw/workspace/agents/builder
Estimated tokens: 152,722 | Size: 602.06 KB
Top token-heavy files:
01. 113,608  reports/usage-history.json
02. 13,822  reports/usage-latest.json
03. 7,666  openclaw-usage.js
04. 2,024  reports/openclaw-status.txt
05. 1,690  skills/self-improving/SKILL.md
06. 1,333  skills/agentic-coding/SKILL.md
07. 1,288  token-audit.js
08. 990  reports/token-audit.json
09. 858  skills/self-improving/operations.md
10. 733  skills/self-improving/scaling.md

Wrote JSON report: /data/.openclaw/workspace/agents/builder/reports/token-audit.json
Wrote HTML report: /data/.openclaw/workspace/agents/builder/reports/token-audit.html
Captured OpenClaw usage snapshot.
Sessions: 30, estimated tokens: 725,664
[master 782a524] chore: auto-sync dashboard 2026-03-07T05:20:39+01:00
 12 files changed, 665 insertions(+), 100 deletions(-)
To https://github.com/stephenbuilderai/builder-usage-dashboard.git
   0322d42..782a524  master -> master
[2026-03-07T05:20:40+01:00] pushed
[2026-03-07T05:50:33+01:00] auto-sync start
Scanned 50 files in /data/.openclaw/workspace/agents/builder
Estimated tokens: 156,983 | Size: 618.70 KB
Top token-heavy files:
01. 117,722  reports/usage-history.json
02. 13,967  reports/usage-latest.json
03. 7,666  openclaw-usage.js
04. 2,024  reports/openclaw-status.txt
05. 1,690  skills/self-improving/SKILL.md
06. 1,333  skills/agentic-coding/SKILL.md
07. 1,288  token-audit.js
08. 990  reports/token-audit.json
09. 858  skills/self-improving/operations.md
10. 733  skills/self-improving/scaling.md

Wrote JSON report: /data/.openclaw/workspace/agents/builder/reports/token-audit.json
Wrote HTML report: /data/.openclaw/workspace/agents/builder/reports/token-audit.html
Captured OpenClaw usage snapshot.
Sessions: 30, estimated tokens: 725,338
[master ecafb7f] chore: auto-sync dashboard 2026-03-07T05:50:40+01:00
 12 files changed, 669 insertions(+), 104 deletions(-)
To https://github.com/stephenbuilderai/builder-usage-dashboard.git
   782a524..ecafb7f  master -> master
[2026-03-07T05:50:41+01:00] pushed
[2026-03-07T05:50:45+01:00] auto-sync start
Scanned 50 files in /data/.openclaw/workspace/agents/builder
Estimated tokens: 161,241 | Size: 635.34 KB
Top token-heavy files:
01. 121,835  reports/usage-history.json
02. 14,112  reports/usage-latest.json
03. 7,666  openclaw-usage.js
04. 2,024  reports/openclaw-status.txt
05. 1,690  skills/self-improving/SKILL.md
06. 1,333  skills/agentic-coding/SKILL.md
07. 1,288  token-audit.js
08. 990  reports/token-audit.json
09. 858  skills/self-improving/operations.md
10. 733  skills/self-improving/scaling.md

Wrote JSON report: /data/.openclaw/workspace/agents/builder/reports/token-audit.json
Wrote HTML report: /data/.openclaw/workspace/agents/builder/reports/token-audit.html
Captured OpenClaw usage snapshot.
Sessions: 30, estimated tokens: 725,338
[master b9b5b6a] chore: auto-sync dashboard 2026-03-07T05:50:51+01:00
 10 files changed, 601 insertions(+), 36 deletions(-)
To https://github.com/stephenbuilderai/builder-usage-dashboard.git
   ecafb7f..b9b5b6a  master -> master
[2026-03-07T05:50:52+01:00] pushed
[2026-03-07T06:20:34+01:00] auto-sync start
Scanned 50 files in /data/.openclaw/workspace/agents/builder
Estimated tokens: 165,354 | Size: 651.42 KB
Top token-heavy files:
01. 125,948  reports/usage-history.json
02. 14,112  reports/usage-latest.json
03. 7,666  openclaw-usage.js
04. 2,024  reports/openclaw-status.txt
05. 1,690  skills/self-improving/SKILL.md
06. 1,333  skills/agentic-coding/SKILL.md
07. 1,288  token-audit.js
08. 990  reports/token-audit.json
09. 858  skills/self-improving/operations.md
10. 733  skills/self-improving/scaling.md

Wrote JSON report: /data/.openclaw/workspace/agents/builder/reports/token-audit.json
Wrote HTML report: /data/.openclaw/workspace/agents/builder/reports/token-audit.html
Captured OpenClaw usage snapshot.
Sessions: 30, estimated tokens: 725,461
[master 52cc42a] chore: auto-sync dashboard 2026-03-07T06:20:41+01:00
 12 files changed, 649 insertions(+), 84 deletions(-)
To https://github.com/stephenbuilderai/builder-usage-dashboard.git
   b9b5b6a..52cc42a  master -> master
[2026-03-07T06:20:42+01:00] pushed
[2026-03-07T06:20:47+01:00] auto-sync start
Scanned 50 files in /data/.openclaw/workspace/agents/builder
Estimated tokens: 169,609 | Size: 668.05 KB
Top token-heavy files:
01. 130,061  reports/usage-history.json
02. 14,256  reports/usage-latest.json
03. 7,666  openclaw-usage.js
04. 2,024  reports/openclaw-status.txt
05. 1,690  skills/self-improving/SKILL.md
06. 1,333  skills/agentic-coding/SKILL.md
07. 1,288  token-audit.js
08. 990  reports/token-audit.json
09. 858  skills/self-improving/operations.md
10. 733  skills/self-improving/scaling.md

Wrote JSON report: /data/.openclaw/workspace/agents/builder/reports/token-audit.json
Wrote HTML report: /data/.openclaw/workspace/agents/builder/reports/token-audit.html
Captured OpenClaw usage snapshot.
Sessions: 30, estimated tokens: 725,461
[master a9e2192] chore: auto-sync dashboard 2026-03-07T06:20:53+01:00
 10 files changed, 602 insertions(+), 37 deletions(-)
To https://github.com/stephenbuilderai/builder-usage-dashboard.git
   52cc42a..a9e2192  master -> master
[2026-03-07T06:20:54+01:00] pushed
[2026-03-07T06:50:32+01:00] auto-sync start
Scanned 50 files in /data/.openclaw/workspace/agents/builder
Estimated tokens: 173,722 | Size: 684.13 KB
Top token-heavy files:
01. 134,174  reports/usage-history.json
02. 14,256  reports/usage-latest.json
03. 7,666  openclaw-usage.js
04. 2,024  reports/openclaw-status.txt
05. 1,690  skills/self-improving/SKILL.md
06. 1,333  skills/agentic-coding/SKILL.md
07. 1,288  token-audit.js
08. 990  reports/token-audit.json
09. 858  skills/self-improving/operations.md
10. 733  skills/self-improving/scaling.md

Wrote JSON report: /data/.openclaw/workspace/agents/builder/reports/token-audit.json
Wrote HTML report: /data/.openclaw/workspace/agents/builder/reports/token-audit.html
Captured OpenClaw usage snapshot.
Sessions: 30, estimated tokens: 725,538
[master 9d9c9c1] chore: auto-sync dashboard 2026-03-07T06:50:40+01:00
 12 files changed, 655 insertions(+), 90 deletions(-)
To https://github.com/stephenbuilderai/builder-usage-dashboard.git
   a9e2192..9d9c9c1  master -> master
[2026-03-07T06:50:41+01:00] pushed
[2026-03-07T07:20:33+01:00] auto-sync start
Scanned 50 files in /data/.openclaw/workspace/agents/builder
Estimated tokens: 177,983 | Size: 700.77 KB
Top token-heavy files:
01. 138,287  reports/usage-history.json
02. 14,402  reports/usage-latest.json
03. 7,666  openclaw-usage.js
04. 2,024  reports/openclaw-status.txt
05. 1,690  skills/self-improving/SKILL.md
06. 1,333  skills/agentic-coding/SKILL.md
07. 1,288  token-audit.js
08. 990  reports/token-audit.json
09. 858  skills/self-improving/operations.md
10. 733  skills/self-improving/scaling.md

Wrote JSON report: /data/.openclaw/workspace/agents/builder/reports/token-audit.json
Wrote HTML report: /data/.openclaw/workspace/agents/builder/reports/token-audit.html
Captured OpenClaw usage snapshot.
Sessions: 30, estimated tokens: 725,350
[master fed998c] chore: auto-sync dashboard 2026-03-07T07:20:41+01:00
 12 files changed, 663 insertions(+), 98 deletions(-)
To https://github.com/stephenbuilderai/builder-usage-dashboard.git
   9d9c9c1..fed998c  master -> master
[2026-03-07T07:20:42+01:00] pushed
++ date -Is
+ echo '[2026-03-07T07:20:46+01:00] auto-sync start'
[2026-03-07T07:20:46+01:00] auto-sync start
+ node token-audit.js --root . --top 25 --out reports/token-audit.json --html reports/token-audit.html
Scanned 50 files in /data/.openclaw/workspace/agents/builder
Estimated tokens: 182,239 | Size: 717.41 KB
Top token-heavy files:
01. 142,400  reports/usage-history.json
02. 14,547  reports/usage-latest.json
03. 7,666  openclaw-usage.js
04. 2,024  reports/openclaw-status.txt
05. 1,690  skills/self-improving/SKILL.md
06. 1,333  skills/agentic-coding/SKILL.md
07. 1,288  token-audit.js
08. 990  reports/token-audit.json
09. 858  skills/self-improving/operations.md
10. 733  skills/self-improving/scaling.md

Wrote JSON report: /data/.openclaw/workspace/agents/builder/reports/token-audit.json
Wrote HTML report: /data/.openclaw/workspace/agents/builder/reports/token-audit.html
+ node openclaw-usage.js capture
Captured OpenClaw usage snapshot.
Sessions: 30, estimated tokens: 725,350
+ git add docs/index.html docs/version.json docs/reports/daily-rollups/2026-03-05.json docs/reports/daily-rollups/2026-03-06.json docs/reports/daily-rollups/2026-03-07.json docs/reports/daily-rollups/summary-5d.md reports/usage-dashboard.html reports/usage-history.json reports/usage-latest.json reports/openclaw-status.txt reports/daily-rollups/2026-03-05.json reports/daily-rollups/2026-03-06.json reports/daily-rollups/2026-03-07.json reports/daily-rollups/summary-5d.md reports/token-audit.json reports/token-audit.html
+ git diff --cached --quiet
++ date -Is
+ git commit -m 'chore: auto-sync dashboard 2026-03-07T07:20:52+01:00'
[master 1fed5c7] chore: auto-sync dashboard 2026-03-07T07:20:52+01:00
 10 files changed, 602 insertions(+), 37 deletions(-)
++ git rev-parse --abbrev-ref HEAD
+ CURRENT_BRANCH=master
+ git push origin master
To https://github.com/stephenbuilderai/builder-usage-dashboard.git
   fed998c..1fed5c7  master -> master
++ date -Is
+ echo '[2026-03-07T07:20:53+01:00] pushed'
[2026-03-07T07:20:53+01:00] pushed
[2026-03-07T07:50:33+01:00] auto-sync start
Scanned 50 files in /data/.openclaw/workspace/agents/builder
Estimated tokens: 186,352 | Size: 733.49 KB
Top token-heavy files:
01. 146,513  reports/usage-history.json
02. 14,547  reports/usage-latest.json
03. 7,666  openclaw-usage.js
04. 2,024  reports/openclaw-status.txt
05. 1,690  skills/self-improving/SKILL.md
06. 1,333  skills/agentic-coding/SKILL.md
07. 1,288  token-audit.js
08. 990  reports/token-audit.json
09. 858  skills/self-improving/operations.md
10. 733  skills/self-improving/scaling.md

Wrote JSON report: /data/.openclaw/workspace/agents/builder/reports/token-audit.json
Wrote HTML report: /data/.openclaw/workspace/agents/builder/reports/token-audit.html
Captured OpenClaw usage snapshot.
Sessions: 30, estimated tokens: 726,587
[master 12795f9] chore: auto-sync dashboard 2026-03-07T07:50:40+01:00
 12 files changed, 670 insertions(+), 105 deletions(-)
To https://github.com/stephenbuilderai/builder-usage-dashboard.git
   f01083f..12795f9  master -> master
[2026-03-07T07:50:41+01:00] pushed
[2026-03-07T07:50:46+01:00] auto-sync start
Scanned 50 files in /data/.openclaw/workspace/agents/builder
Estimated tokens: 190,614 | Size: 750.14 KB
Top token-heavy files:
01. 150,627  reports/usage-history.json
02. 14,693  reports/usage-latest.json
03. 7,666  openclaw-usage.js
04. 2,024  reports/openclaw-status.txt
05. 1,690  skills/self-improving/SKILL.md
06. 1,333  skills/agentic-coding/SKILL.md
07. 1,288  token-audit.js
08. 990  reports/token-audit.json
09. 858  skills/self-improving/operations.md
10. 733  skills/self-improving/scaling.md

Wrote JSON report: /data/.openclaw/workspace/agents/builder/reports/token-audit.json
Wrote HTML report: /data/.openclaw/workspace/agents/builder/reports/token-audit.html
Captured OpenClaw usage snapshot.
Sessions: 30, estimated tokens: 726,587
[master 1082ac8] chore: auto-sync dashboard 2026-03-07T07:50:53+01:00
 10 files changed, 602 insertions(+), 37 deletions(-)
To https://github.com/stephenbuilderai/builder-usage-dashboard.git
   12795f9..1082ac8  master -> master
[2026-03-07T07:50:54+01:00] pushed
[2026-03-07T08:20:31+01:00] auto-sync start
Scanned 50 files in /data/.openclaw/workspace/agents/builder
Estimated tokens: 194,727 | Size: 766.21 KB
Top token-heavy files:
01. 154,740  reports/usage-history.json
02. 14,693  reports/usage-latest.json
03. 7,666  openclaw-usage.js
04. 2,024  reports/openclaw-status.txt
05. 1,690  skills/self-improving/SKILL.md
06. 1,333  skills/agentic-coding/SKILL.md
07. 1,288  token-audit.js
08. 990  reports/token-audit.json
09. 858  skills/self-improving/operations.md
10. 733  skills/self-improving/scaling.md

Wrote JSON report: /data/.openclaw/workspace/agents/builder/reports/token-audit.json
Wrote HTML report: /data/.openclaw/workspace/agents/builder/reports/token-audit.html
Captured OpenClaw usage snapshot.
Sessions: 30, estimated tokens: 738,421
[master 2521f1e] chore: auto-sync dashboard 2026-03-07T08:20:38+01:00
 12 files changed, 670 insertions(+), 105 deletions(-)
To https://github.com/stephenbuilderai/builder-usage-dashboard.git
   1082ac8..2521f1e  master -> master
[2026-03-07T08:20:39+01:00] pushed
++ date -Is
+ echo '[2026-03-07T08:20:43+01:00] auto-sync start'
[2026-03-07T08:20:43+01:00] auto-sync start
+ node token-audit.js --root . --top 25 --out reports/token-audit.json --html reports/token-audit.html
Scanned 50 files in /data/.openclaw/workspace/agents/builder
Estimated tokens: 198,696 | Size: 781.72 KB
Top token-heavy files:
01. 158,854  reports/usage-history.json
02. 14,548  reports/usage-latest.json
03. 7,666  openclaw-usage.js
04. 2,024  reports/openclaw-status.txt
05. 1,690  skills/self-improving/SKILL.md
06. 1,333  skills/agentic-coding/SKILL.md
07. 1,288  token-audit.js
08. 990  reports/token-audit.json
09. 858  skills/self-improving/operations.md
10. 733  skills/self-improving/scaling.md

Wrote JSON report: /data/.openclaw/workspace/agents/builder/reports/token-audit.json
Wrote HTML report: /data/.openclaw/workspace/agents/builder/reports/token-audit.html
+ node openclaw-usage.js capture
Captured OpenClaw usage snapshot.
Sessions: 30, estimated tokens: 738,421
+ git add docs/index.html docs/version.json docs/reports/daily-rollups/2026-03-05.json docs/reports/daily-rollups/2026-03-06.json docs/reports/daily-rollups/2026-03-07.json docs/reports/daily-rollups/summary-5d.md reports/usage-dashboard.html reports/usage-history.json reports/usage-latest.json reports/openclaw-status.txt reports/daily-rollups/2026-03-05.json reports/daily-rollups/2026-03-06.json reports/daily-rollups/2026-03-07.json reports/daily-rollups/summary-5d.md reports/token-audit.json reports/token-audit.html
+ git diff --cached --quiet
++ date -Is
+ git commit -m 'chore: auto-sync dashboard 2026-03-07T08:20:50+01:00'
[master 4e5e814] chore: auto-sync dashboard 2026-03-07T08:20:50+01:00
 9 files changed, 598 insertions(+), 33 deletions(-)
++ git rev-parse --abbrev-ref HEAD
+ CURRENT_BRANCH=master
+ git push origin master
To https://github.com/stephenbuilderai/builder-usage-dashboard.git
   2521f1e..4e5e814  master -> master
++ date -Is
+ echo '[2026-03-07T08:20:51+01:00] pushed'
[2026-03-07T08:20:51+01:00] pushed
++ date -Is
+ echo '[2026-03-07T08:20:52+01:00] auto-sync start'
[2026-03-07T08:20:52+01:00] auto-sync start
+ node token-audit.js --root . --top 25 --out reports/token-audit.json --html reports/token-audit.html
Scanned 50 files in /data/.openclaw/workspace/agents/builder
Estimated tokens: 202,810 | Size: 797.80 KB
Top token-heavy files:
01. 162,968  reports/usage-history.json
02. 14,548  reports/usage-latest.json
03. 7,666  openclaw-usage.js
04. 2,024  reports/openclaw-status.txt
05. 1,690  skills/self-improving/SKILL.md
06. 1,333  skills/agentic-coding/SKILL.md
07. 1,288  token-audit.js
08. 990  reports/token-audit.json
09. 858  skills/self-improving/operations.md
10. 733  skills/self-improving/scaling.md

Wrote JSON report: /data/.openclaw/workspace/agents/builder/reports/token-audit.json
Wrote HTML report: /data/.openclaw/workspace/agents/builder/reports/token-audit.html
+ node openclaw-usage.js capture
Captured OpenClaw usage snapshot.
Sessions: 30, estimated tokens: 738,421
+ git add docs/index.html docs/version.json docs/reports/daily-rollups/2026-03-05.json docs/reports/daily-rollups/2026-03-06.json docs/reports/daily-rollups/2026-03-07.json docs/reports/daily-rollups/summary-5d.md reports/usage-dashboard.html reports/usage-history.json reports/usage-latest.json reports/openclaw-status.txt reports/daily-rollups/2026-03-05.json reports/daily-rollups/2026-03-06.json reports/daily-rollups/2026-03-07.json reports/daily-rollups/summary-5d.md reports/token-audit.json reports/token-audit.html
+ git diff --cached --quiet
++ date -Is
+ git commit -m 'chore: auto-sync dashboard 2026-03-07T08:20:59+01:00'
[master 1be5ea3] chore: auto-sync dashboard 2026-03-07T08:20:59+01:00
 10 files changed, 595 insertions(+), 30 deletions(-)
++ git rev-parse --abbrev-ref HEAD
+ CURRENT_BRANCH=master
+ git push origin master
To https://github.com/stephenbuilderai/builder-usage-dashboard.git
   4e5e814..1be5ea3  master -> master
++ date -Is
+ echo '[2026-03-07T08:21:00+01:00] pushed'
[2026-03-07T08:21:00+01:00] pushed
[2026-03-07T08:50:32+01:00] auto-sync start
Scanned 50 files in /data/.openclaw/workspace/agents/builder
Estimated tokens: 206,924 | Size: 813.88 KB
Top token-heavy files:
01. 167,082  reports/usage-history.json
02. 14,548  reports/usage-latest.json
03. 7,666  openclaw-usage.js
04. 2,024  reports/openclaw-status.txt
05. 1,690  skills/self-improving/SKILL.md
06. 1,333  skills/agentic-coding/SKILL.md
07. 1,288  token-audit.js
08. 990  reports/token-audit.json
09. 858  skills/self-improving/operations.md
10. 733  skills/self-improving/scaling.md

Wrote JSON report: /data/.openclaw/workspace/agents/builder/reports/token-audit.json
Wrote HTML report: /data/.openclaw/workspace/agents/builder/reports/token-audit.html
Captured OpenClaw usage snapshot.
Sessions: 30, estimated tokens: 725,689
[master da1acf4] chore: auto-sync dashboard 2026-03-07T08:50:40+01:00
 12 files changed, 665 insertions(+), 100 deletions(-)
To https://github.com/stephenbuilderai/builder-usage-dashboard.git
   1be5ea3..da1acf4  master -> master
[2026-03-07T08:50:41+01:00] pushed
[2026-03-07T08:50:44+01:00] auto-sync start
Scanned 50 files in /data/.openclaw/workspace/agents/builder
Estimated tokens: 211,038 | Size: 829.96 KB
Top token-heavy files:
01. 171,195  reports/usage-history.json
02. 14,549  reports/usage-latest.json
03. 7,666  openclaw-usage.js
04. 2,024  reports/openclaw-status.txt
05. 1,690  skills/self-improving/SKILL.md
06. 1,333  skills/agentic-coding/SKILL.md
07. 1,288  token-audit.js
08. 990  reports/token-audit.json
09. 858  skills/self-improving/operations.md
10. 733  skills/self-improving/scaling.md

Wrote JSON report: /data/.openclaw/workspace/agents/builder/reports/token-audit.json
Wrote HTML report: /data/.openclaw/workspace/agents/builder/reports/token-audit.html
Captured OpenClaw usage snapshot.
Sessions: 30, estimated tokens: 725,689
[master da44e13] chore: auto-sync dashboard 2026-03-07T08:50:51+01:00
 10 files changed, 601 insertions(+), 36 deletions(-)
To https://github.com/stephenbuilderai/builder-usage-dashboard.git
   da1acf4..da44e13  master -> master
[2026-03-07T08:50:51+01:00] pushed
[2026-03-07T09:20:32+01:00] auto-sync start
Scanned 50 files in /data/.openclaw/workspace/agents/builder
Estimated tokens: 215,151 | Size: 846.03 KB
Top token-heavy files:
01. 175,308  reports/usage-history.json
02. 14,549  reports/usage-latest.json
03. 7,666  openclaw-usage.js
04. 2,024  reports/openclaw-status.txt
05. 1,690  skills/self-improving/SKILL.md
06. 1,333  skills/agentic-coding/SKILL.md
07. 1,288  token-audit.js
08. 990  reports/token-audit.json
09. 858  skills/self-improving/operations.md
10. 733  skills/self-improving/scaling.md

Wrote JSON report: /data/.openclaw/workspace/agents/builder/reports/token-audit.json
Wrote HTML report: /data/.openclaw/workspace/agents/builder/reports/token-audit.html
Captured OpenClaw usage snapshot.
Sessions: 30, estimated tokens: 725,515
[master 7c75a62] chore: auto-sync dashboard 2026-03-07T09:20:40+01:00
 12 files changed, 662 insertions(+), 97 deletions(-)
To https://github.com/stephenbuilderai/builder-usage-dashboard.git
   da44e13..7c75a62  master -> master
[2026-03-07T09:20:40+01:00] pushed
++ date -Is
+ echo '[2026-03-07T09:20:45+01:00] auto-sync start'
[2026-03-07T09:20:45+01:00] auto-sync start
+ node token-audit.js --root . --top 25 --out reports/token-audit.json --html reports/token-audit.html
Scanned 50 files in /data/.openclaw/workspace/agents/builder
Estimated tokens: 219,408 | Size: 862.67 KB
Top token-heavy files:
01. 179,421  reports/usage-history.json
02. 14,693  reports/usage-latest.json
03. 7,666  openclaw-usage.js
04. 2,024  reports/openclaw-status.txt
05. 1,690  skills/self-improving/SKILL.md
06. 1,333  skills/agentic-coding/SKILL.md
07. 1,288  token-audit.js
08. 990  reports/token-audit.json
09. 858  skills/self-improving/operations.md
10. 733  skills/self-improving/scaling.md

Wrote JSON report: /data/.openclaw/workspace/agents/builder/reports/token-audit.json
Wrote HTML report: /data/.openclaw/workspace/agents/builder/reports/token-audit.html
+ node openclaw-usage.js capture
Captured OpenClaw usage snapshot.
Sessions: 30, estimated tokens: 725,515
+ git add docs/index.html docs/version.json docs/reports/daily-rollups/2026-03-05.json docs/reports/daily-rollups/2026-03-06.json docs/reports/daily-rollups/2026-03-07.json docs/reports/daily-rollups/summary-5d.md reports/usage-dashboard.html reports/usage-history.json reports/usage-latest.json reports/openclaw-status.txt reports/daily-rollups/2026-03-05.json reports/daily-rollups/2026-03-06.json reports/daily-rollups/2026-03-07.json reports/daily-rollups/summary-5d.md reports/token-audit.json reports/token-audit.html
+ git diff --cached --quiet
++ date -Is
+ git commit -m 'chore: auto-sync dashboard 2026-03-07T09:20:52+01:00'
[master 6ddfec9] chore: auto-sync dashboard 2026-03-07T09:20:52+01:00
 10 files changed, 600 insertions(+), 35 deletions(-)
++ git rev-parse --abbrev-ref HEAD
+ CURRENT_BRANCH=master
+ git push origin master
To https://github.com/stephenbuilderai/builder-usage-dashboard.git
   7c75a62..6ddfec9  master -> master
++ date -Is
+ echo '[2026-03-07T09:20:53+01:00] pushed'
[2026-03-07T09:20:53+01:00] pushed
